id,rgb,voxels,sum,min,max,mean
57,"(127, 222, 108)",205,4150193,15012,42776,20244.844
34,"(245, 61, 227)",247,4973937,15002,33815,20137.397
